2026-05-28 07:02:41 - converter - INFO - Database scan: found 1 databases
2026-05-28 07:02:41 - converter - INFO - Using specified database: test_wallets.db
2026-05-28 07:02:41 - converter - INFO - Connected to database: test_wallets.db
2026-05-28 07:02:41 - converter - INFO - Database validation successful. Total wallets: 5
2026-05-28 07:02:41 - converter - ERROR - Error fetching wallets: near "OFFSET": syntax error
2026-05-28 07:02:41 - converter - ERROR - Unexpected error in JSON export: near "OFFSET": syntax error
2026-05-28 07:02:41 - converter - ERROR - Export failed
2026-05-28 07:02:41 - converter - INFO - Database connection closed
2026-05-28 07:02:50 - converter - INFO - Database scan: found 1 databases
2026-05-28 07:02:50 - converter - INFO - Using specified database: test_wallets.db
2026-05-28 07:02:50 - converter - INFO - Connected to database: test_wallets.db
2026-05-28 07:02:50 - converter - INFO - Database validation successful. Total wallets: 5
2026-05-28 07:02:50 - converter - DEBUG - Wallet fetch completed (limit=None, offset=0)
2026-05-28 07:02:50 - converter - INFO - Exported 5 wallets to JSON: exports/wallets_20260528_070250.json
2026-05-28 07:02:50 - converter - INFO - Export completed successfully in 0.00s - 5 rows exported
2026-05-28 07:02:50 - converter - INFO - Database connection closed
2026-05-28 07:02:53 - converter - INFO - Database scan: found 1 databases
2026-05-28 07:02:53 - converter - INFO - Using specified database: test_wallets.db
2026-05-28 07:02:53 - converter - INFO - Connected to database: test_wallets.db
2026-05-28 07:02:53 - converter - INFO - Database validation successful. Total wallets: 5
2026-05-28 07:02:53 - converter - DEBUG - Wallet fetch completed (limit=None, offset=0)
2026-05-28 07:02:53 - converter - INFO - Exported 5 wallets to CSV: exports/wallets_20260528_070253.csv
2026-05-28 07:02:53 - converter - INFO - Export completed successfully in 0.00s - 5 rows exported
2026-05-28 07:02:53 - converter - INFO - Database connection closed
2026-05-28 07:02:53 - converter - INFO - Database scan: found 1 databases
2026-05-28 07:02:53 - converter - INFO - Using specified database: test_wallets.db
2026-05-28 07:02:53 - converter - INFO - Connected to database: test_wallets.db
2026-05-28 07:02:53 - converter - INFO - Database validation successful. Total wallets: 5
2026-05-28 07:02:53 - converter - DEBUG - Wallet fetch completed (limit=None, offset=0)
2026-05-28 07:02:53 - converter - INFO - Exported 5 wallets to TXT: exports/wallets_20260528_070253.txt
2026-05-28 07:02:53 - converter - INFO - Export completed successfully in 0.00s - 5 rows exported
2026-05-28 07:02:53 - converter - INFO - Database connection closed
2026-05-28 07:02:53 - converter - INFO - Database scan: found 1 databases
2026-05-28 07:02:53 - converter - INFO - Using specified database: test_wallets.db
2026-05-28 07:02:53 - converter - INFO - Connected to database: test_wallets.db
2026-05-28 07:02:53 - converter - INFO - Database validation successful. Total wallets: 5
2026-05-28 07:02:53 - converter - DEBUG - Wallet fetch completed (limit=None, offset=0)
2026-05-28 07:02:53 - converter - INFO - Exported 5 wallets to SQL: exports/wallets_20260528_070253.sql
2026-05-28 07:02:53 - converter - INFO - Export completed successfully in 0.00s - 5 rows exported
2026-05-28 07:02:53 - converter - INFO - Database connection closed
2026-05-28 07:02:53 - converter - INFO - Database scan: found 1 databases
2026-05-28 07:02:53 - converter - INFO - Using specified database: test_wallets.db
2026-05-28 07:02:53 - converter - INFO - Connected to database: test_wallets.db
2026-05-28 07:02:53 - converter - INFO - Database validation successful. Total wallets: 5
2026-05-28 07:02:53 - converter - DEBUG - Wallet fetch completed (limit=None, offset=0)
2026-05-28 07:02:53 - converter - INFO - Exported 5 wallets to NDJSON: exports/wallets_20260528_070253.ndjson
2026-05-28 07:02:53 - converter - INFO - Export completed successfully in 0.00s - 5 rows exported
2026-05-28 07:02:53 - converter - INFO - Database connection closed
2026-05-28 07:02:53 - converter - INFO - Database scan: found 1 databases
2026-05-28 07:02:53 - converter - INFO - Using specified database: test_wallets.db
2026-05-28 07:02:53 - converter - INFO - Connected to database: test_wallets.db
2026-05-28 07:02:53 - converter - INFO - Database validation successful. Total wallets: 5
2026-05-28 07:02:53 - converter - DEBUG - Wallet fetch completed (limit=None, offset=0)
2026-05-28 07:02:53 - converter - INFO - Exported 5 wallets to TSV: exports/wallets_20260528_070253.tsv
2026-05-28 07:02:53 - converter - INFO - Export completed successfully in 0.00s - 5 rows exported
2026-05-28 07:02:53 - converter - INFO - Database connection closed
2026-05-28 07:03:04 - converter - INFO - Database scan: found 1 databases
2026-05-28 07:03:04 - converter - INFO - Using specified database: test_wallets.db
2026-05-28 07:03:04 - converter - INFO - Connected to database: test_wallets.db
2026-05-28 07:03:04 - converter - INFO - Database validation successful. Total wallets: 5
2026-05-28 07:03:04 - converter - DEBUG - Wallet fetch completed (limit=2, offset=0)
2026-05-28 07:03:04 - converter - INFO - Exported 2 wallets to CSV: exports/wallets_20260528_070304.csv
2026-05-28 07:03:04 - converter - INFO - Export completed successfully in 0.00s - 2 rows exported
2026-05-28 07:03:04 - converter - INFO - Database connection closed
2026-05-28 07:03:15 - converter - INFO - Database scan: found 1 databases
2026-05-28 07:03:15 - converter - ERROR - Specified database not found: nonexistent.db
2026-05-28 07:03:15 - converter - INFO - Database selection cancelled
2026-05-28 07:04:57 - converter - INFO - Database scan: found 1 databases
2026-05-28 07:04:57 - converter - INFO - Using specified database: test_wallets.db
2026-05-28 07:04:57 - converter - INFO - Connected to database: test_wallets.db
2026-05-28 07:04:57 - converter - INFO - Database validation successful. Total wallets: 3
2026-05-28 07:04:57 - converter - DEBUG - Wallet fetch completed (limit=None, offset=0)
2026-05-28 07:04:57 - converter - INFO - Exported 3 wallets to JSON: exports/wallets_20260528_070457.json
2026-05-28 07:04:57 - converter - INFO - Export completed successfully in 0.00s - 3 rows exported
2026-05-28 07:04:57 - converter - INFO - Database connection closed
2026-05-28 07:08:16 - converter - INFO - Database scan: found 1 databases
2026-05-28 07:08:16 - converter - INFO - Using specified database: test_wallets.db
2026-05-28 07:08:16 - converter - INFO - Connected to database: test_wallets.db
2026-05-28 07:08:16 - converter - INFO - Database validation successful. Total wallets: 2
2026-05-28 07:08:16 - converter - DEBUG - Wallet fetch completed (limit=None, offset=0)
2026-05-28 07:08:16 - converter - INFO - Exported 2 wallets to TXT: exports/wallets_20260528_070816.txt
2026-05-28 07:08:16 - converter - INFO - Export completed successfully in 0.00s - 2 rows exported
2026-05-28 07:08:16 - converter - INFO - Database connection closed
2026-05-29 01:09:05 - converter - ERROR - Unsupported export format: invalid_format. Supported formats: txt, json, csv, sql, ndjson, tsv
2026-05-29 01:09:29 - converter - INFO - Database scan: found 0 databases
2026-05-29 01:09:29 - converter - INFO - Using specified database: /tmp/tmpe6campvt/export_test.db
2026-05-29 01:09:29 - converter - INFO - Connected to database: export_test.db
2026-05-29 01:09:29 - converter - INFO - Database validation successful. Total wallets: 2
2026-05-29 01:09:29 - converter - DEBUG - Wallet fetch completed (limit=None, offset=0)
2026-05-29 01:09:29 - converter - INFO - Exported 2 wallets to TXT: exports/wallets_20260529_010929.txt
2026-05-29 01:09:29 - converter - INFO - Database connection closed
2026-05-29 01:09:29 - converter - INFO - Database scan: found 0 databases
2026-05-29 01:09:29 - converter - INFO - Using specified database: /tmp/tmpe6campvt/export_test.db
2026-05-29 01:09:29 - converter - INFO - Connected to database: export_test.db
2026-05-29 01:09:29 - converter - INFO - Database validation successful. Total wallets: 2
2026-05-29 01:09:29 - converter - DEBUG - Wallet fetch completed (limit=None, offset=0)
2026-05-29 01:09:29 - converter - INFO - Exported 2 wallets to JSON: exports/wallets_20260529_010929.json
2026-05-29 01:09:29 - converter - INFO - Database connection closed
2026-05-29 01:09:29 - converter - INFO - Database scan: found 0 databases
2026-05-29 01:09:29 - converter - INFO - Using specified database: /tmp/tmpe6campvt/export_test.db
2026-05-29 01:09:29 - converter - INFO - Connected to database: export_test.db
2026-05-29 01:09:29 - converter - INFO - Database validation successful. Total wallets: 2
2026-05-29 01:09:29 - converter - DEBUG - Wallet fetch completed (limit=None, offset=0)
2026-05-29 01:09:29 - converter - INFO - Exported 2 wallets to CSV: exports/wallets_20260529_010929.csv
2026-05-29 01:09:29 - converter - INFO - Database connection closed
2026-05-29 01:09:29 - converter - INFO - Database scan: found 0 databases
2026-05-29 01:09:29 - converter - INFO - Using specified database: /tmp/tmpe6campvt/export_test.db
2026-05-29 01:09:29 - converter - INFO - Connected to database: export_test.db
2026-05-29 01:09:29 - converter - INFO - Database validation successful. Total wallets: 2
2026-05-29 01:09:29 - converter - DEBUG - Wallet fetch completed (limit=None, offset=0)
2026-05-29 01:09:29 - converter - INFO - Exported 2 wallets to SQL: exports/wallets_20260529_010929.sql
2026-05-29 01:09:29 - converter - INFO - Database connection closed
2026-05-29 01:09:29 - converter - INFO - Database scan: found 0 databases
2026-05-29 01:09:29 - converter - INFO - Using specified database: /tmp/tmpe6campvt/export_test.db
2026-05-29 01:09:29 - converter - INFO - Connected to database: export_test.db
2026-05-29 01:09:29 - converter - INFO - Database validation successful. Total wallets: 2
2026-05-29 01:09:29 - converter - DEBUG - Wallet fetch completed (limit=None, offset=0)
2026-05-29 01:09:29 - converter - INFO - Exported 2 wallets to NDJSON: exports/wallets_20260529_010929.ndjson
2026-05-29 01:09:29 - converter - INFO - Database connection closed
2026-05-29 01:09:29 - converter - INFO - Database scan: found 0 databases
2026-05-29 01:09:29 - converter - INFO - Using specified database: /tmp/tmpe6campvt/export_test.db
2026-05-29 01:09:29 - converter - INFO - Connected to database: export_test.db
2026-05-29 01:09:29 - converter - INFO - Database validation successful. Total wallets: 2
2026-05-29 01:09:29 - converter - DEBUG - Wallet fetch completed (limit=None, offset=0)
2026-05-29 01:09:29 - converter - INFO - Exported 2 wallets to TSV: exports/wallets_20260529_010929.tsv
2026-05-29 01:09:29 - converter - INFO - Database connection closed
2026-05-29 01:09:53 - converter - INFO - Exported 0 wallets to TXT: exports/test_export.txt
2026-05-29 01:10:37 - converter - INFO - Connected to database: converter_test.db
2026-05-29 01:10:37 - converter - INFO - Database validation successful. Total wallets: 2
2026-05-29 01:10:37 - converter - DEBUG - Wallet fetch completed (limit=None, offset=0)
2026-05-29 01:10:37 - converter - INFO - Exported 2 wallets to TXT: exports/test_export.txt
2026-05-29 01:10:37 - converter - INFO - Database connection closed
2026-05-29 01:10:37 - converter - INFO - Connected to database: return_type_test_conv.db
2026-05-29 01:10:37 - converter - DEBUG - Wallet fetch completed (limit=None, offset=0)
2026-05-29 01:10:37 - converter - INFO - Exported 1 wallets to TXT: exports/wallets_20260529_011037.txt
2026-05-29 01:10:37 - converter - INFO - Database connection closed
2026-05-29 01:10:43 - converter - INFO - Database scan: found 0 databases
2026-05-29 01:10:43 - converter - INFO - Using specified database: /tmp/tmpla54spkf/export_test.db
2026-05-29 01:10:43 - converter - INFO - Connected to database: export_test.db
2026-05-29 01:10:43 - converter - INFO - Database validation successful. Total wallets: 2
2026-05-29 01:10:43 - converter - DEBUG - Wallet fetch completed (limit=None, offset=0)
2026-05-29 01:10:43 - converter - INFO - Exported 2 wallets to TXT: exports/wallets_20260529_011043.txt
2026-05-29 01:10:43 - converter - INFO - Database connection closed
2026-05-29 01:10:43 - converter - INFO - Database scan: found 0 databases
2026-05-29 01:10:43 - converter - INFO - Using specified database: /tmp/tmpla54spkf/export_test.db
2026-05-29 01:10:43 - converter - INFO - Connected to database: export_test.db
2026-05-29 01:10:43 - converter - INFO - Database validation successful. Total wallets: 2
2026-05-29 01:10:43 - converter - DEBUG - Wallet fetch completed (limit=None, offset=0)
2026-05-29 01:10:43 - converter - INFO - Exported 2 wallets to JSON: exports/wallets_20260529_011043.json
2026-05-29 01:10:43 - converter - INFO - Database connection closed
2026-05-29 01:10:43 - converter - INFO - Database scan: found 0 databases
2026-05-29 01:10:43 - converter - INFO - Using specified database: /tmp/tmpla54spkf/export_test.db
2026-05-29 01:10:43 - converter - INFO - Connected to database: export_test.db
2026-05-29 01:10:43 - converter - INFO - Database validation successful. Total wallets: 2
2026-05-29 01:10:43 - converter - DEBUG - Wallet fetch completed (limit=None, offset=0)
2026-05-29 01:10:43 - converter - INFO - Exported 2 wallets to CSV: exports/wallets_20260529_011043.csv
2026-05-29 01:10:43 - converter - INFO - Database connection closed
2026-05-29 01:10:43 - converter - INFO - Database scan: found 0 databases
2026-05-29 01:10:43 - converter - INFO - Using specified database: /tmp/tmpla54spkf/export_test.db
2026-05-29 01:10:43 - converter - INFO - Connected to database: export_test.db
2026-05-29 01:10:43 - converter - INFO - Database validation successful. Total wallets: 2
2026-05-29 01:10:43 - converter - DEBUG - Wallet fetch completed (limit=None, offset=0)
2026-05-29 01:10:43 - converter - INFO - Exported 2 wallets to SQL: exports/wallets_20260529_011043.sql
2026-05-29 01:10:43 - converter - INFO - Database connection closed
2026-05-29 01:10:43 - converter - INFO - Database scan: found 0 databases
2026-05-29 01:10:43 - converter - INFO - Using specified database: /tmp/tmpla54spkf/export_test.db
2026-05-29 01:10:43 - converter - INFO - Connected to database: export_test.db
2026-05-29 01:10:43 - converter - INFO - Database validation successful. Total wallets: 2
2026-05-29 01:10:43 - converter - DEBUG - Wallet fetch completed (limit=None, offset=0)
2026-05-29 01:10:43 - converter - INFO - Exported 2 wallets to NDJSON: exports/wallets_20260529_011043.ndjson
2026-05-29 01:10:43 - converter - INFO - Database connection closed
2026-05-29 01:10:43 - converter - INFO - Database scan: found 0 databases
2026-05-29 01:10:43 - converter - INFO - Using specified database: /tmp/tmpla54spkf/export_test.db
2026-05-29 01:10:43 - converter - INFO - Connected to database: export_test.db
2026-05-29 01:10:43 - converter - INFO - Database validation successful. Total wallets: 2
2026-05-29 01:10:43 - converter - DEBUG - Wallet fetch completed (limit=None, offset=0)
2026-05-29 01:10:43 - converter - INFO - Exported 2 wallets to TSV: exports/wallets_20260529_011043.tsv
2026-05-29 01:10:43 - converter - INFO - Database connection closed
2026-05-29 01:10:43 - converter - ERROR - Unsupported export format: invalid_format. Supported formats: txt, json, csv, sql, ndjson, tsv
2026-05-29 01:10:43 - converter - INFO - Connected to database: converter_test.db
2026-05-29 01:10:43 - converter - INFO - Database validation successful. Total wallets: 2
2026-05-29 01:10:43 - converter - DEBUG - Wallet fetch completed (limit=None, offset=0)
2026-05-29 01:10:43 - converter - INFO - Exported 2 wallets to TXT: exports/test_export.txt
2026-05-29 01:10:43 - converter - INFO - Database connection closed
2026-05-29 01:10:43 - converter - INFO - Connected to database: return_type_test_conv.db
2026-05-29 01:10:43 - converter - DEBUG - Wallet fetch completed (limit=None, offset=0)
2026-05-29 01:10:43 - converter - INFO - Exported 1 wallets to TXT: exports/wallets_20260529_011043.txt
2026-05-29 01:10:43 - converter - INFO - Database connection closed
2026-05-29 01:16:25 - converter - ERROR - Unsupported export format: invalid_format. Supported formats: txt, json, csv, sql, ndjson, tsv
2026-05-30 09:02:27 - converter - INFO - Connected to database: converter_test.db
2026-05-30 09:02:27 - converter - INFO - Database validation successful. Total wallets: 2
2026-05-30 09:02:27 - converter - DEBUG - Wallet fetch completed (limit=None, offset=0)
2026-05-30 09:02:27 - converter - INFO - Exported 2 wallets to TXT: exports/test_export.txt
2026-05-30 09:02:27 - converter - INFO - Database connection closed
2026-05-30 09:02:27 - converter - INFO - Connected to database: return_type_test_conv.db
2026-05-30 09:02:27 - converter - DEBUG - Wallet fetch completed (limit=None, offset=0)
2026-05-30 09:02:27 - converter - INFO - Exported 1 wallets to TXT: exports/wallets_20260530_090227.txt
2026-05-30 09:02:27 - converter - INFO - Database connection closed
2026-05-30 09:02:32 - converter - ERROR - Unsupported export format: invalid_format. Supported formats: txt, json, csv, sql, ndjson, tsv
2026-05-30 09:02:37 - converter - INFO - Database scan: found 2 databases
2026-05-30 09:02:37 - converter - INFO - Using specified database: /tmp/tmplb8bsn03/export_test.db
2026-05-30 09:02:37 - converter - INFO - Connected to database: export_test.db
2026-05-30 09:02:37 - converter - INFO - Database validation successful. Total wallets: 2
2026-05-30 09:02:37 - converter - DEBUG - Wallet fetch completed (limit=None, offset=0)
2026-05-30 09:02:37 - converter - INFO - Exported 2 wallets to TXT: exports/wallets_20260530_090237.txt
2026-05-30 09:02:37 - converter - INFO - Database connection closed
2026-05-30 09:02:37 - converter - INFO - Database scan: found 2 databases
2026-05-30 09:02:37 - converter - INFO - Using specified database: /tmp/tmplb8bsn03/export_test.db
2026-05-30 09:02:37 - converter - INFO - Connected to database: export_test.db
2026-05-30 09:02:37 - converter - INFO - Database validation successful. Total wallets: 2
2026-05-30 09:02:37 - converter - DEBUG - Wallet fetch completed (limit=None, offset=0)
2026-05-30 09:02:37 - converter - INFO - Exported 2 wallets to JSON: exports/wallets_20260530_090237.json
2026-05-30 09:02:37 - converter - INFO - Database connection closed
2026-05-30 09:02:37 - converter - INFO - Database scan: found 2 databases
2026-05-30 09:02:37 - converter - INFO - Using specified database: /tmp/tmplb8bsn03/export_test.db
2026-05-30 09:02:37 - converter - INFO - Connected to database: export_test.db
2026-05-30 09:02:37 - converter - INFO - Database validation successful. Total wallets: 2
2026-05-30 09:02:37 - converter - DEBUG - Wallet fetch completed (limit=None, offset=0)
2026-05-30 09:02:37 - converter - INFO - Exported 2 wallets to CSV: exports/wallets_20260530_090237.csv
2026-05-30 09:02:37 - converter - INFO - Database connection closed
2026-05-30 09:02:37 - converter - INFO - Database scan: found 2 databases
2026-05-30 09:02:37 - converter - INFO - Using specified database: /tmp/tmplb8bsn03/export_test.db
2026-05-30 09:02:37 - converter - INFO - Connected to database: export_test.db
2026-05-30 09:02:37 - converter - INFO - Database validation successful. Total wallets: 2
2026-05-30 09:02:37 - converter - DEBUG - Wallet fetch completed (limit=None, offset=0)
2026-05-30 09:02:37 - converter - INFO - Exported 2 wallets to SQL: exports/wallets_20260530_090237.sql
2026-05-30 09:02:37 - converter - INFO - Database connection closed
2026-05-30 09:02:37 - converter - INFO - Database scan: found 2 databases
2026-05-30 09:02:37 - converter - INFO - Using specified database: /tmp/tmplb8bsn03/export_test.db
2026-05-30 09:02:37 - converter - INFO - Connected to database: export_test.db
2026-05-30 09:02:37 - converter - INFO - Database validation successful. Total wallets: 2
2026-05-30 09:02:37 - converter - DEBUG - Wallet fetch completed (limit=None, offset=0)
2026-05-30 09:02:37 - converter - INFO - Exported 2 wallets to NDJSON: exports/wallets_20260530_090237.ndjson
2026-05-30 09:02:37 - converter - INFO - Database connection closed
2026-05-30 09:02:37 - converter - INFO - Database scan: found 2 databases
2026-05-30 09:02:37 - converter - INFO - Using specified database: /tmp/tmplb8bsn03/export_test.db
2026-05-30 09:02:37 - converter - INFO - Connected to database: export_test.db
2026-05-30 09:02:37 - converter - INFO - Database validation successful. Total wallets: 2
2026-05-30 09:02:37 - converter - DEBUG - Wallet fetch completed (limit=None, offset=0)
2026-05-30 09:02:37 - converter - INFO - Exported 2 wallets to TSV: exports/wallets_20260530_090237.tsv
2026-05-30 09:02:37 - converter - INFO - Database connection closed
2026-05-30 09:03:36 - converter - INFO - Connected to database: converter_test.db
2026-05-30 09:03:36 - converter - INFO - Database validation successful. Total wallets: 2
2026-05-30 09:03:36 - converter - DEBUG - Wallet fetch completed (limit=None, offset=0)
2026-05-30 09:03:36 - converter - INFO - Exported 2 wallets to TXT: exports/test_export.txt
2026-05-30 09:03:36 - converter - INFO - Database connection closed
2026-05-30 09:03:36 - converter - INFO - Connected to database: return_type_test_conv.db
2026-05-30 09:03:36 - converter - DEBUG - Wallet fetch completed (limit=None, offset=0)
2026-05-30 09:03:36 - converter - INFO - Exported 1 wallets to TXT: exports/wallets_20260530_090336.txt
2026-05-30 09:03:36 - converter - INFO - Database connection closed
